Parent_segment_name	Sub_segment_name	Parent_segment_position	Sub_segment_position	Core_gene
B-C	B-C	1	1	B
B-C	B-C	1	2	Q
B-C	B-C	1	3	C
B-I	B-I	1	1	B
B-I	B-I	1	2	A
B-I	B-I	1	3	I
C-J	C-J	1	1	C
C-J	C-J	1	2	D
C-J	C-J	1	3	J
F-G	F-G	1	1	F
F-G	F-G	1	2	Z
F-G	F-G	1	3	G
F-K	F-K	1	1	F
F-K	F-K	1	2	E
F-K	F-K	1	3	K
G-M	G-M	1	1	G
G-M	G-M	1	2	H
G-M	G-M	1	3	L
G-M	G-M	1	4	M
