Core_pair	n	occurrence_core_1	occurrence_core_2	co_occurrence	min_dist	max_dist	mean_dist	median_dist	min_acc	max_acc	mean_acc	median_acc
A-C	3	3	3	3	109	109	109.0	109.0	1	1	1.0	1.0
C-Sequence_break	3	3	0	0	10	310	110.0	10.0	0	4	1.3	0.0
Sequence_break-A	3	0	3	0	0	0	0.0	0.0	0	0	0.0	0.0
