Core_pair	n	occurrence_core_1	occurrence_core_2	co_occurrence	min_dist	max_dist	mean_dist	median_dist	min_acc	max_acc	mean_acc	median_acc
A-B	2	2	2	2	9	9	9.0	9.0	0	0	0.0	0.0
B-E	1	2	2	2	9	9	9.0	9.0	0	0	0.0	0.0
B-Sequence_break	1	2	0	0	110	110	110.0	110.0	1	1	1.0	1.0
E-Sequence_break	2	2	0	0	10	110	60.0	60.0	0	1	0.5	0.5
Sequence_break-A	2	0	2	0	0	0	0.0	0.0	0	0	0.0	0.0
Sequence_break-E	1	0	2	0	99	99	99.0	99.0	1	1	1.0	1.0
