Core_pair	n	occurrence_core_1	occurrence_core_2	co_occurrence	min_dist	max_dist	mean_dist	median_dist	min_acc	max_acc	mean_acc	median_acc
A-C	3	4	4	4	9	109	42.3	9.0	0	1	0.3	0.0
A-E	1	4	4	4	9	9	9.0	9.0	0	0	0.0	0.0
C-E	3	4	4	4	9	109	75.7	109.0	0	1	0.7	1.0
C-Sequence_break	2	4	0	0	10	310	160.0	160.0	0	0	0.0	0.0
E-Sequence_break	2	4	0	0	110	110	110.0	110.0	1	2	1.5	1.5
Sequence_break-A	4	0	4	0	0	0	0.0	0.0	0	0	0.0	0.0
