Core_pair	n	occurrence_core_1	occurrence_core_2	co_occurrence	min_dist	max_dist	mean_dist	median_dist	min_acc	max_acc	mean_acc	median_acc
A-B	2	3	2	2	9	9	9.0	9.0	0	0	0.0	0.0
A-E	1	3	2	2	9	9	9.0	9.0	0	0	0.0	0.0
B-C	2	2	3	2	9	9	9.0	9.0	0	0	0.0	0.0
C-E	2	3	2	2	9	109	59.0	59.0	0	1	0.5	0.5
C-Sequence_break	2	3	0	0	10	10	10.0	10.0	0	0	0.0	0.0
E-Sequence_break	1	2	0	0	110	110	110.0	110.0	2	2	2.0	2.0
Sequence_break-A	3	0	3	0	0	0	0.0	0.0	0	0	0.0	0.0
