Core_pair	n	occurrence_core_1	occurrence_core_2	co_occurrence	min_dist	max_dist	mean_dist	median_dist	min_acc	max_acc	mean_acc	median_acc
A-B	2	3	3	3	9	9	9.0	9.0	0	0	0.0	0.0
A-C	1	3	3	3	9	9	9.0	9.0	0	0	0.0	0.0
A-I	3	3	3	3	0	0	0.0	0.0	0	0	0.0	0.0
B-C	3	3	3	3	9	9	9.0	9.0	0	0	0.0	0.0
B-D	1	3	3	3	3	3	3.0	3.0	0	0	0.0	0.0
C-D	2	3	3	3	3	3	3.0	3.0	0	0	0.0	0.0
D-J	3	3	3	3	-3	1	-0.7	0.0	0	0	0.0	0.0
E-F	2	3	3	3	9	9	9.0	9.0	0	0	0.0	0.0
E-G	1	3	3	3	9	9	9.0	9.0	0	0	0.0	0.0
E-K	3	3	3	3	0	0	0.0	0.0	0	0	0.0	0.0
F-G	3	3	3	3	9	9	9.0	9.0	0	0	0.0	0.0
F-H	1	3	3	3	0	0	0.0	0.0	0	0	0.0	0.0
G-H	2	3	3	3	0	0	0.0	0.0	0	0	0.0	0.0
H-L	3	3	3	3	0	0	0.0	0.0	0	0	0.0	0.0
I-J	3	3	3	3	1	3	1.7	1.0	0	0	0.0	0.0
K-M	3	3	3	3	-698	2	-231.3	2.0	0	0	0.0	0.0
L-M	3	3	3	3	-700	0	-233.3	0.0	0	0	0.0	0.0
