Segment_name	Segment_position	Core_gene
A-D	1	A
A-D	2	I
A-D	3	J
A-D	4	D
B-C	1	B
B-C	2	C
E-H	1	E
E-H	2	K
E-H	3	M
E-H	4	L
E-H	5	H
F-G	1	F
F-G	2	G
