Parent_segment_name	Sub_segment_name	Parent_segment_position	Sub_segment_position	Core_gene
A-D	A-D	1	1	A
A-D	A-D	1	2	I
A-D	A-D	1	3	J
A-D	A-D	1	4	D
B-C	B-C	1	1	B
B-C	B-C	1	2	C
E-H	E-H	1	1	E
E-H	E-H	1	2	K
E-H	E-H	1	3	M
E-H	E-H	1	4	L
E-H	E-H	1	5	H
F-G	F-G	1	1	F
F-G	F-G	1	2	G
