Core_pair	n	occurrence_core_1	occurrence_core_2	co_occurrence	min_dist	max_dist	mean_dist	median_dist	min_acc	max_acc	mean_acc	median_acc
A-B	2	2	2	2	9	110	59.5	59.5	0	1	0.5	0.5
A-E	1	2	2	2	10	10	10.0	10.0	0	0	0.0	0.0
B-E	1	2	2	2	9	9	9.0	9.0	0	0	0.0	0.0
E-E	1	4	4	2	209	209	209.0	209.0	2	2	2.0	2.0
