Core_pair	n	occurrence_core_1	occurrence_core_2	co_occurrence	min_dist	max_dist	mean_dist	median_dist	min_acc	max_acc	mean_acc	median_acc
A-C	2	2	2	2	109	109	109.0	109.0	1	1	1.0	1.0
A-E	2	2	2	2	10	10	10.0	10.0	0	0	0.0	0.0
C-E	2	2	2	2	109	109	109.0	109.0	1	1	1.0	1.0
