Core_pair	n	occurrence_core_1	occurrence_core_2	co_occurrence	min_dist	max_dist	mean_dist	median_dist	min_acc	max_acc	mean_acc	median_acc
A-B	1	2	2	2	9	9	9.0	9.0	0	0	0.0	0.0
A-D	1	2	2	2	9	9	9.0	9.0	0	0	0.0	0.0
A-F	2	2	2	2	10	10	10.0	10.0	0	1	0.5	0.5
B-C	2	2	2	2	9	9	9.0	9.0	0	0	0.0	0.0
B-E	1	2	2	2	9	9	9.0	9.0	0	0	0.0	0.0
C-D	2	2	2	2	9	9	9.0	9.0	0	0	0.0	0.0
D-E	1	2	2	2	9	9	9.0	9.0	0	0	0.0	0.0
E-F	2	2	2	2	9	9	9.0	9.0	0	0	0.0	0.0
