Segment_name	Segment_position	Core_gene
A-E	1	A
A-E	2	F
A-E	3	E
B-D	1	B
B-D	2	C
B-D	3	D
