Segment_name	Segment_position	Core_gene
B-C	1	B
B-C	2	A
B-C	3	C
